Environment variables loaded from .env
Prisma schema loaded from prisma\schema.prisma
Datasource "db": PostgreSQL database "postgres", schema "public" at "db.prisma.io:5432"

9 migrations found in prisma/migrations

Error: P1002

The database server at `db.prisma.io:5432` was reached but timed out.

Please try again.

Please make sure your database server is running at `db.prisma.io:5432`.

Context: Timed out trying to acquire a postgres advisory lock (SELECT pg_advisory_lock(72707369)). Elapsed: 10000ms. See https://pris.ly/d/migrate-advisory-locking for details.


